[progressquest.com/play/newguy.html]
[progressquest.com/play/progros.css]
[backblue.gif]
[fade.gif]
[index.html]
[progressquest.com/play/newguy.css]
[progressquest.com/play/json2.js]
[progressquest.com/play/jquery.js]
[progressquest.com/play/config.js]
[progressquest.com/play/newguy.js]
[progressquest.com/play/swords.gif]
[progressquest.com/play/newguy.html]
[progressquest.com/play/closeup.png]
[progressquest.com/play/closedown.png]
[progressquest.com/play/progros.css]
[progressquest.com/play/newguy.css]
[progressquest.com/play/json2.js]
[progressquest.com/play/jquery.js]
[progressquest.com/play/config.js]
[progressquest.com/play/back.jpg]
[progressquest.com/play/main.html]
[progressquest.com/play/newguy.js]
[progressquest.com/play/roster.html]
[progressquest.com/play/main.css]
[progressquest.com/play/touch-icon.png]
[progressquest.com/play/main.html]
[progressquest.com/play/main.js]
[progressquest.com/play/roster.js]
[progressquest.com/play/pq.gif]
[progressquest.com/play/roster.html]
[progressquest.com/play/main.css]
[progressquest.com/play/main.js]
[progressquest.com/play/dicebar.jpg]
[progressquest.com/play/roster.js]
[progressquest.com/play/newguy7391.html]
[progressquest.com/play/index.html]
[progressquest.com/play/index.html]
[progressquest.com/play/newguy7391.html]
